------------------------------------------------------------
Timing Analyzer Summary
------------------------------------------------------------

Type  : Slow 1100mV 85C Model Setup 'clk'
Slack : -2.942
TNS   : -2.942

Type  : Slow 1100mV 85C Model Setup 'pll:vgapll|toggle'
Slack : -2.454
TNS   : -47.056

Type  : Slow 1100mV 85C Model Hold 'pll:vgapll|toggle'
Slack : 0.717
TNS   : 0.000

Type  : Slow 1100mV 85C Model Hold 'clk'
Slack : 1.157
TNS   : 0.000

Type  : Slow 1100mV 85C Model Minimum Pulse Width 'clk'
Slack : -0.441
TNS   : -0.835

Type  : Slow 1100mV 85C Model Minimum Pulse Width 'pll:vgapll|toggle'
Slack : -0.394
TNS   : -11.317

Type  : Slow 1100mV 0C Model Setup 'clk'
Slack : -2.840
TNS   : -2.840

Type  : Slow 1100mV 0C Model Setup 'pll:vgapll|toggle'
Slack : -2.466
TNS   : -47.682

Type  : Slow 1100mV 0C Model Hold 'pll:vgapll|toggle'
Slack : 0.717
TNS   : 0.000

Type  : Slow 1100mV 0C Model Hold 'clk'
Slack : 1.139
TNS   : 0.000

Type  : Slow 1100mV 0C Model Minimum Pulse Width 'clk'
Slack : -0.456
TNS   : -0.850

Type  : Slow 1100mV 0C Model Minimum Pulse Width 'pll:vgapll|toggle'
Slack : -0.394
TNS   : -11.264

Type  : Fast 1100mV 85C Model Setup 'clk'
Slack : -2.244
TNS   : -2.244

Type  : Fast 1100mV 85C Model Setup 'pll:vgapll|toggle'
Slack : -1.047
TNS   : -19.562

Type  : Fast 1100mV 85C Model Hold 'pll:vgapll|toggle'
Slack : 0.374
TNS   : 0.000

Type  : Fast 1100mV 85C Model Hold 'clk'
Slack : 1.099
TNS   : 0.000

Type  : Fast 1100mV 85C Model Minimum Pulse Width 'clk'
Slack : -0.463
TNS   : -0.578

Type  : Fast 1100mV 85C Model Minimum Pulse Width 'pll:vgapll|toggle'
Slack : 0.157
TNS   : 0.000

Type  : Fast 1100mV 0C Model Setup 'clk'
Slack : -1.887
TNS   : -1.887

Type  : Fast 1100mV 0C Model Setup 'pll:vgapll|toggle'
Slack : -0.935
TNS   : -17.467

Type  : Fast 1100mV 0C Model Hold 'pll:vgapll|toggle'
Slack : 0.338
TNS   : 0.000

Type  : Fast 1100mV 0C Model Hold 'clk'
Slack : 0.825
TNS   : 0.000

Type  : Fast 1100mV 0C Model Minimum Pulse Width 'clk'
Slack : -0.455
TNS   : -0.570

Type  : Fast 1100mV 0C Model Minimum Pulse Width 'pll:vgapll|toggle'
Slack : 0.158
TNS   : 0.000

------------------------------------------------------------
