------------------------------------------------------------
Timing Analyzer Summary
------------------------------------------------------------

Type  : Slow 1100mV 85C Model Setup 'clk'
Slack : -40.663
TNS   : -4105.869

Type  : Slow 1100mV 85C Model Setup 'rst'
Slack : -3.393
TNS   : -229.394

Type  : Slow 1100mV 85C Model Setup 'pll:vgapll|toggle'
Slack : -2.393
TNS   : -46.213

Type  : Slow 1100mV 85C Model Hold 'clk'
Slack : 0.267
TNS   : 0.000

Type  : Slow 1100mV 85C Model Hold 'pll:vgapll|toggle'
Slack : 0.663
TNS   : 0.000

Type  : Slow 1100mV 85C Model Hold 'rst'
Slack : 0.896
TNS   : 0.000

Type  : Slow 1100mV 85C Model Recovery 'clk'
Slack : -4.563
TNS   : -2156.197

Type  : Slow 1100mV 85C Model Removal 'clk'
Slack : 0.930
TNS   : 0.000

Type  : Slow 1100mV 85C Model Minimum Pulse Width 'clk'
Slack : -0.559
TNS   : -265.652

Type  : Slow 1100mV 85C Model Minimum Pulse Width 'pll:vgapll|toggle'
Slack : -0.394
TNS   : -11.297

Type  : Slow 1100mV 85C Model Minimum Pulse Width 'rst'
Slack : 0.016
TNS   : 0.000

Type  : Slow 1100mV 0C Model Setup 'clk'
Slack : -40.491
TNS   : -4038.219

Type  : Slow 1100mV 0C Model Setup 'rst'
Slack : -3.465
TNS   : -234.939

Type  : Slow 1100mV 0C Model Setup 'pll:vgapll|toggle'
Slack : -2.384
TNS   : -46.734

Type  : Slow 1100mV 0C Model Hold 'clk'
Slack : 0.192
TNS   : 0.000

Type  : Slow 1100mV 0C Model Hold 'pll:vgapll|toggle'
Slack : 0.653
TNS   : 0.000

Type  : Slow 1100mV 0C Model Hold 'rst'
Slack : 0.911
TNS   : 0.000

Type  : Slow 1100mV 0C Model Recovery 'clk'
Slack : -4.388
TNS   : -2073.767

Type  : Slow 1100mV 0C Model Removal 'clk'
Slack : 0.870
TNS   : 0.000

Type  : Slow 1100mV 0C Model Minimum Pulse Width 'clk'
Slack : -0.540
TNS   : -284.436

Type  : Slow 1100mV 0C Model Minimum Pulse Width 'pll:vgapll|toggle'
Slack : -0.394
TNS   : -11.272

Type  : Slow 1100mV 0C Model Minimum Pulse Width 'rst'
Slack : 0.019
TNS   : 0.000

Type  : Fast 1100mV 85C Model Setup 'clk'
Slack : -23.139
TNS   : -2346.485

Type  : Fast 1100mV 85C Model Setup 'rst'
Slack : -1.525
TNS   : -90.519

Type  : Fast 1100mV 85C Model Setup 'pll:vgapll|toggle'
Slack : -1.075
TNS   : -19.821

Type  : Fast 1100mV 85C Model Hold 'rst'
Slack : 0.118
TNS   : 0.000

Type  : Fast 1100mV 85C Model Hold 'clk'
Slack : 0.176
TNS   : 0.000

Type  : Fast 1100mV 85C Model Hold 'pll:vgapll|toggle'
Slack : 0.343
TNS   : 0.000

Type  : Fast 1100mV 85C Model Recovery 'clk'
Slack : -2.780
TNS   : -1303.327

Type  : Fast 1100mV 85C Model Removal 'clk'
Slack : 0.527
TNS   : 0.000

Type  : Fast 1100mV 85C Model Minimum Pulse Width 'clk'
Slack : -0.507
TNS   : -43.751

Type  : Fast 1100mV 85C Model Minimum Pulse Width 'rst'
Slack : -0.195
TNS   : -13.664

Type  : Fast 1100mV 85C Model Minimum Pulse Width 'pll:vgapll|toggle'
Slack : 0.142
TNS   : 0.000

Type  : Fast 1100mV 0C Model Setup 'clk'
Slack : -20.963
TNS   : -2089.211

Type  : Fast 1100mV 0C Model Setup 'rst'
Slack : -1.350
TNS   : -82.107

Type  : Fast 1100mV 0C Model Setup 'pll:vgapll|toggle'
Slack : -0.933
TNS   : -17.387

Type  : Fast 1100mV 0C Model Hold 'clk'
Slack : 0.107
TNS   : 0.000

Type  : Fast 1100mV 0C Model Hold 'rst'
Slack : 0.121
TNS   : 0.000

Type  : Fast 1100mV 0C Model Hold 'pll:vgapll|toggle'
Slack : 0.311
TNS   : 0.000

Type  : Fast 1100mV 0C Model Recovery 'clk'
Slack : -2.691
TNS   : -1260.418

Type  : Fast 1100mV 0C Model Removal 'clk'
Slack : 0.475
TNS   : 0.000

Type  : Fast 1100mV 0C Model Minimum Pulse Width 'clk'
Slack : -0.481
TNS   : -43.039

Type  : Fast 1100mV 0C Model Minimum Pulse Width 'rst'
Slack : -0.152
TNS   : -10.349

Type  : Fast 1100mV 0C Model Minimum Pulse Width 'pll:vgapll|toggle'
Slack : 0.143
TNS   : 0.000

------------------------------------------------------------
