------------------------------------------------------------
Timing Analyzer Summary
------------------------------------------------------------

Type  : Slow 1100mV 85C Model Setup 'clk'
Slack : -3.414
TNS   : -93.088

Type  : Slow 1100mV 85C Model Setup 'pll:vgapll|toggle'
Slack : -2.142
TNS   : -51.769

Type  : Slow 1100mV 85C Model Hold 'clk'
Slack : 0.375
TNS   : 0.000

Type  : Slow 1100mV 85C Model Hold 'pll:vgapll|toggle'
Slack : 0.783
TNS   : 0.000

Type  : Slow 1100mV 85C Model Minimum Pulse Width 'clk'
Slack : -0.536
TNS   : -21.666

Type  : Slow 1100mV 85C Model Minimum Pulse Width 'pll:vgapll|toggle'
Slack : -0.394
TNS   : -14.517

Type  : Slow 1100mV 0C Model Setup 'clk'
Slack : -3.231
TNS   : -92.253

Type  : Slow 1100mV 0C Model Setup 'pll:vgapll|toggle'
Slack : -2.138
TNS   : -51.381

Type  : Slow 1100mV 0C Model Hold 'clk'
Slack : 0.363
TNS   : 0.000

Type  : Slow 1100mV 0C Model Hold 'pll:vgapll|toggle'
Slack : 0.746
TNS   : 0.000

Type  : Slow 1100mV 0C Model Minimum Pulse Width 'clk'
Slack : -0.524
TNS   : -23.286

Type  : Slow 1100mV 0C Model Minimum Pulse Width 'pll:vgapll|toggle'
Slack : -0.394
TNS   : -14.307

Type  : Fast 1100mV 85C Model Setup 'clk'
Slack : -2.590
TNS   : -39.116

Type  : Fast 1100mV 85C Model Setup 'pll:vgapll|toggle'
Slack : -0.943
TNS   : -22.595

Type  : Fast 1100mV 85C Model Hold 'clk'
Slack : 0.182
TNS   : 0.000

Type  : Fast 1100mV 85C Model Hold 'pll:vgapll|toggle'
Slack : 0.396
TNS   : 0.000

Type  : Fast 1100mV 85C Model Minimum Pulse Width 'clk'
Slack : -0.492
TNS   : -4.103

Type  : Fast 1100mV 85C Model Minimum Pulse Width 'pll:vgapll|toggle'
Slack : 0.020
TNS   : 0.000

Type  : Fast 1100mV 0C Model Setup 'clk'
Slack : -2.172
TNS   : -33.652

Type  : Fast 1100mV 0C Model Setup 'pll:vgapll|toggle'
Slack : -0.793
TNS   : -18.823

Type  : Fast 1100mV 0C Model Hold 'clk'
Slack : 0.172
TNS   : 0.000

Type  : Fast 1100mV 0C Model Hold 'pll:vgapll|toggle'
Slack : 0.353
TNS   : 0.000

Type  : Fast 1100mV 0C Model Minimum Pulse Width 'clk'
Slack : -0.475
TNS   : -4.044

Type  : Fast 1100mV 0C Model Minimum Pulse Width 'pll:vgapll|toggle'
Slack : 0.056
TNS   : 0.000

------------------------------------------------------------
