------------------------------------------------------------
Timing Analyzer Summary
------------------------------------------------------------

Type  : Slow 1100mV 85C Model Setup 'clk'
Slack : -3.372
TNS   : -91.709

Type  : Slow 1100mV 85C Model Setup 'pll:vgapll|toggle'
Slack : -1.999
TNS   : -48.897

Type  : Slow 1100mV 85C Model Hold 'clk'
Slack : 0.362
TNS   : 0.000

Type  : Slow 1100mV 85C Model Hold 'pll:vgapll|toggle'
Slack : 0.807
TNS   : 0.000

Type  : Slow 1100mV 85C Model Minimum Pulse Width 'clk'
Slack : -0.498
TNS   : -22.209

Type  : Slow 1100mV 85C Model Minimum Pulse Width 'pll:vgapll|toggle'
Slack : -0.394
TNS   : -12.969

Type  : Slow 1100mV 0C Model Setup 'clk'
Slack : -3.222
TNS   : -89.520

Type  : Slow 1100mV 0C Model Setup 'pll:vgapll|toggle'
Slack : -2.091
TNS   : -48.189

Type  : Slow 1100mV 0C Model Hold 'clk'
Slack : 0.382
TNS   : 0.000

Type  : Slow 1100mV 0C Model Hold 'pll:vgapll|toggle'
Slack : 0.768
TNS   : 0.000

Type  : Slow 1100mV 0C Model Minimum Pulse Width 'clk'
Slack : -0.499
TNS   : -23.828

Type  : Slow 1100mV 0C Model Minimum Pulse Width 'pll:vgapll|toggle'
Slack : -0.394
TNS   : -13.055

Type  : Fast 1100mV 85C Model Setup 'clk'
Slack : -2.555
TNS   : -40.620

Type  : Fast 1100mV 85C Model Setup 'pll:vgapll|toggle'
Slack : -0.915
TNS   : -22.003

Type  : Fast 1100mV 85C Model Hold 'clk'
Slack : 0.177
TNS   : 0.000

Type  : Fast 1100mV 85C Model Hold 'pll:vgapll|toggle'
Slack : 0.411
TNS   : 0.000

Type  : Fast 1100mV 85C Model Minimum Pulse Width 'clk'
Slack : -0.487
TNS   : -4.187

Type  : Fast 1100mV 85C Model Minimum Pulse Width 'pll:vgapll|toggle'
Slack : 0.092
TNS   : 0.000

Type  : Fast 1100mV 0C Model Setup 'clk'
Slack : -2.123
TNS   : -34.928

Type  : Fast 1100mV 0C Model Setup 'pll:vgapll|toggle'
Slack : -0.763
TNS   : -18.601

Type  : Fast 1100mV 0C Model Hold 'clk'
Slack : 0.169
TNS   : 0.000

Type  : Fast 1100mV 0C Model Hold 'pll:vgapll|toggle'
Slack : 0.367
TNS   : 0.000

Type  : Fast 1100mV 0C Model Minimum Pulse Width 'clk'
Slack : -0.474
TNS   : -4.117

Type  : Fast 1100mV 0C Model Minimum Pulse Width 'pll:vgapll|toggle'
Slack : 0.106
TNS   : 0.000

------------------------------------------------------------
