------------------------------------------------------------
Timing Analyzer Summary
------------------------------------------------------------

Type  : Slow 1100mV 85C Model Setup 'clk'
Slack : -2.854
TNS   : -2.854

Type  : Slow 1100mV 85C Model Setup 'pll:vgapll|toggle'
Slack : -2.159
TNS   : -47.977

Type  : Slow 1100mV 85C Model Hold 'pll:vgapll|toggle'
Slack : 0.681
TNS   : 0.000

Type  : Slow 1100mV 85C Model Hold 'clk'
Slack : 1.118
TNS   : 0.000

Type  : Slow 1100mV 85C Model Minimum Pulse Width 'pll:vgapll|toggle'
Slack : -0.394
TNS   : -12.018

Type  : Slow 1100mV 85C Model Minimum Pulse Width 'clk'
Slack : -0.394
TNS   : -0.782

Type  : Slow 1100mV 0C Model Setup 'clk'
Slack : -2.683
TNS   : -2.683

Type  : Slow 1100mV 0C Model Setup 'pll:vgapll|toggle'
Slack : -2.258
TNS   : -46.989

Type  : Slow 1100mV 0C Model Hold 'pll:vgapll|toggle'
Slack : 0.664
TNS   : 0.000

Type  : Slow 1100mV 0C Model Hold 'clk'
Slack : 0.982
TNS   : 0.000

Type  : Slow 1100mV 0C Model Minimum Pulse Width 'clk'
Slack : -0.400
TNS   : -0.794

Type  : Slow 1100mV 0C Model Minimum Pulse Width 'pll:vgapll|toggle'
Slack : -0.394
TNS   : -11.914

Type  : Fast 1100mV 85C Model Setup 'clk'
Slack : -2.176
TNS   : -2.176

Type  : Fast 1100mV 85C Model Setup 'pll:vgapll|toggle'
Slack : -0.943
TNS   : -21.405

Type  : Fast 1100mV 85C Model Hold 'pll:vgapll|toggle'
Slack : 0.350
TNS   : 0.000

Type  : Fast 1100mV 85C Model Hold 'clk'
Slack : 1.043
TNS   : 0.000

Type  : Fast 1100mV 85C Model Minimum Pulse Width 'clk'
Slack : -0.417
TNS   : -0.483

Type  : Fast 1100mV 85C Model Minimum Pulse Width 'pll:vgapll|toggle'
Slack : 0.131
TNS   : 0.000

Type  : Fast 1100mV 0C Model Setup 'clk'
Slack : -1.775
TNS   : -1.775

Type  : Fast 1100mV 0C Model Setup 'pll:vgapll|toggle'
Slack : -0.843
TNS   : -18.317

Type  : Fast 1100mV 0C Model Hold 'pll:vgapll|toggle'
Slack : 0.315
TNS   : 0.000

Type  : Fast 1100mV 0C Model Hold 'clk'
Slack : 0.716
TNS   : 0.000

Type  : Fast 1100mV 0C Model Minimum Pulse Width 'clk'
Slack : -0.418
TNS   : -0.495

Type  : Fast 1100mV 0C Model Minimum Pulse Width 'pll:vgapll|toggle'
Slack : 0.137
TNS   : 0.000

------------------------------------------------------------
