------------------------------------------------------------
Timing Analyzer Summary
------------------------------------------------------------

Type  : Slow 1100mV 85C Model Setup 'clk'
Slack : -40.124
TNS   : -4780.433

Type  : Slow 1100mV 85C Model Setup 'rst'
Slack : -3.469
TNS   : -237.715

Type  : Slow 1100mV 85C Model Setup 'pll:vgapll|toggle'
Slack : -2.030
TNS   : -51.275

Type  : Slow 1100mV 85C Model Hold 'clk'
Slack : 0.149
TNS   : 0.000

Type  : Slow 1100mV 85C Model Hold 'pll:vgapll|toggle'
Slack : 0.707
TNS   : 0.000

Type  : Slow 1100mV 85C Model Hold 'rst'
Slack : 0.862
TNS   : 0.000

Type  : Slow 1100mV 85C Model Recovery 'clk'
Slack : -4.565
TNS   : -2890.248

Type  : Slow 1100mV 85C Model Removal 'clk'
Slack : 0.551
TNS   : 0.000

Type  : Slow 1100mV 85C Model Minimum Pulse Width 'clk'
Slack : -0.471
TNS   : -353.477

Type  : Slow 1100mV 85C Model Minimum Pulse Width 'pll:vgapll|toggle'
Slack : -0.394
TNS   : -14.452

Type  : Slow 1100mV 85C Model Minimum Pulse Width 'rst'
Slack : 0.034
TNS   : 0.000

Type  : Slow 1100mV 0C Model Setup 'clk'
Slack : -39.943
TNS   : -4668.238

Type  : Slow 1100mV 0C Model Setup 'rst'
Slack : -3.539
TNS   : -243.258

Type  : Slow 1100mV 0C Model Setup 'pll:vgapll|toggle'
Slack : -1.968
TNS   : -49.977

Type  : Slow 1100mV 0C Model Hold 'clk'
Slack : 0.072
TNS   : 0.000

Type  : Slow 1100mV 0C Model Hold 'pll:vgapll|toggle'
Slack : 0.664
TNS   : 0.000

Type  : Slow 1100mV 0C Model Hold 'rst'
Slack : 0.910
TNS   : 0.000

Type  : Slow 1100mV 0C Model Recovery 'clk'
Slack : -4.385
TNS   : -2778.162

Type  : Slow 1100mV 0C Model Removal 'clk'
Slack : 0.506
TNS   : 0.000

Type  : Slow 1100mV 0C Model Minimum Pulse Width 'clk'
Slack : -0.495
TNS   : -377.115

Type  : Slow 1100mV 0C Model Minimum Pulse Width 'pll:vgapll|toggle'
Slack : -0.394
TNS   : -14.247

Type  : Slow 1100mV 0C Model Minimum Pulse Width 'rst'
Slack : 0.026
TNS   : 0.000

Type  : Fast 1100mV 85C Model Setup 'clk'
Slack : -22.490
TNS   : -2698.347

Type  : Fast 1100mV 85C Model Setup 'rst'
Slack : -1.640
TNS   : -98.652

Type  : Fast 1100mV 85C Model Setup 'pll:vgapll|toggle'
Slack : -0.962
TNS   : -22.638

Type  : Fast 1100mV 85C Model Hold 'rst'
Slack : 0.139
TNS   : 0.000

Type  : Fast 1100mV 85C Model Hold 'clk'
Slack : 0.173
TNS   : 0.000

Type  : Fast 1100mV 85C Model Hold 'pll:vgapll|toggle'
Slack : 0.342
TNS   : 0.000

Type  : Fast 1100mV 85C Model Recovery 'clk'
Slack : -2.784
TNS   : -1753.717

Type  : Fast 1100mV 85C Model Removal 'clk'
Slack : 0.288
TNS   : 0.000

Type  : Fast 1100mV 85C Model Minimum Pulse Width 'clk'
Slack : -0.468
TNS   : -58.864

Type  : Fast 1100mV 85C Model Minimum Pulse Width 'rst'
Slack : -0.177
TNS   : -14.637

Type  : Fast 1100mV 85C Model Minimum Pulse Width 'pll:vgapll|toggle'
Slack : 0.068
TNS   : 0.000

Type  : Fast 1100mV 0C Model Setup 'clk'
Slack : -20.450
TNS   : -2386.316

Type  : Fast 1100mV 0C Model Setup 'rst'
Slack : -1.470
TNS   : -89.234

Type  : Fast 1100mV 0C Model Setup 'pll:vgapll|toggle'
Slack : -0.790
TNS   : -19.096

Type  : Fast 1100mV 0C Model Hold 'rst'
Slack : 0.138
TNS   : 0.000

Type  : Fast 1100mV 0C Model Hold 'clk'
Slack : 0.145
TNS   : 0.000

Type  : Fast 1100mV 0C Model Hold 'pll:vgapll|toggle'
Slack : 0.297
TNS   : 0.000

Type  : Fast 1100mV 0C Model Recovery 'clk'
Slack : -2.694
TNS   : -1696.346

Type  : Fast 1100mV 0C Model Removal 'clk'
Slack : 0.259
TNS   : 0.000

Type  : Fast 1100mV 0C Model Minimum Pulse Width 'clk'
Slack : -0.475
TNS   : -57.622

Type  : Fast 1100mV 0C Model Minimum Pulse Width 'rst'
Slack : -0.159
TNS   : -12.860

Type  : Fast 1100mV 0C Model Minimum Pulse Width 'pll:vgapll|toggle'
Slack : 0.089
TNS   : 0.000

------------------------------------------------------------
