------------------------------------------------------------
Timing Analyzer Summary
------------------------------------------------------------

Type  : Slow 1100mV 85C Model Setup 'clk'
Slack : -3.308
TNS   : -122.011

Type  : Slow 1100mV 85C Model Setup 'pll:vgapll|toggle'
Slack : -2.299
TNS   : -47.987

Type  : Slow 1100mV 85C Model Hold 'clk'
Slack : 0.292
TNS   : 0.000

Type  : Slow 1100mV 85C Model Hold 'pll:vgapll|toggle'
Slack : 0.757
TNS   : 0.000

Type  : Slow 1100mV 85C Model Minimum Pulse Width 'clk'
Slack : -0.451
TNS   : -35.681

Type  : Slow 1100mV 85C Model Minimum Pulse Width 'pll:vgapll|toggle'
Slack : -0.394
TNS   : -11.877

Type  : Slow 1100mV 0C Model Setup 'clk'
Slack : -3.146
TNS   : -119.625

Type  : Slow 1100mV 0C Model Setup 'pll:vgapll|toggle'
Slack : -2.275
TNS   : -48.285

Type  : Slow 1100mV 0C Model Hold 'clk'
Slack : 0.273
TNS   : 0.000

Type  : Slow 1100mV 0C Model Hold 'pll:vgapll|toggle'
Slack : 0.749
TNS   : 0.000

Type  : Slow 1100mV 0C Model Minimum Pulse Width 'clk'
Slack : -0.464
TNS   : -38.370

Type  : Slow 1100mV 0C Model Minimum Pulse Width 'pll:vgapll|toggle'
Slack : -0.394
TNS   : -11.849

Type  : Fast 1100mV 85C Model Setup 'clk'
Slack : -2.612
TNS   : -47.472

Type  : Fast 1100mV 85C Model Setup 'pll:vgapll|toggle'
Slack : -0.991
TNS   : -19.730

Type  : Fast 1100mV 85C Model Hold 'clk'
Slack : 0.168
TNS   : 0.000

Type  : Fast 1100mV 85C Model Hold 'pll:vgapll|toggle'
Slack : 0.388
TNS   : 0.000

Type  : Fast 1100mV 85C Model Minimum Pulse Width 'clk'
Slack : -0.455
TNS   : -6.545

Type  : Fast 1100mV 85C Model Minimum Pulse Width 'pll:vgapll|toggle'
Slack : 0.102
TNS   : 0.000

Type  : Fast 1100mV 0C Model Setup 'clk'
Slack : -2.188
TNS   : -39.546

Type  : Fast 1100mV 0C Model Setup 'pll:vgapll|toggle'
Slack : -0.879
TNS   : -17.687

Type  : Fast 1100mV 0C Model Hold 'clk'
Slack : 0.152
TNS   : 0.000

Type  : Fast 1100mV 0C Model Hold 'pll:vgapll|toggle'
Slack : 0.350
TNS   : 0.000

Type  : Fast 1100mV 0C Model Minimum Pulse Width 'clk'
Slack : -0.451
TNS   : -6.454

Type  : Fast 1100mV 0C Model Minimum Pulse Width 'pll:vgapll|toggle'
Slack : 0.114
TNS   : 0.000

------------------------------------------------------------
